[  0%] Built target std_msgs_generate_messages_py
[  0%] Built target std_msgs_generate_messages_cpp
[  0%] Built target std_msgs_generate_messages_eus
[  0%] Built target std_msgs_generate_messages_lisp
[  0%] Built target std_msgs_generate_messages_nodejs
[  0%] Built target _car_msgs_generate_messages_check_deps_CarCmd
[  0%] Built target _common_srvs_generate_messages_check_deps_traj_record
[  0%] Built target _common_srvs_generate_messages_check_deps_load_or_save_global_map
[  0%] Built target _common_srvs_generate_messages_check_deps_reset_env
[  0%] Built target _common_srvs_generate_messages_check_deps_set_init_pose
[  0%] Built target _jackal_msgs_generate_messages_check_deps_Status
[  0%] Built target _jackal_msgs_generate_messages_check_deps_DriveFeedback
[  0%] Built target _jackal_msgs_generate_messages_check_deps_Drive
[  0%] Built target geometry_msgs_generate_messages_py
[  0%] Built target octomap_msgs_generate_messages_py
[  0%] Built target _jackal_msgs_generate_messages_check_deps_Feedback
[  0%] Built target geometry_msgs_generate_messages_cpp
[  0%] Built target _rotors_comm_generate_messages_check_deps_RecordRosbag
[  0%] Built target octomap_msgs_generate_messages_cpp
[  0%] Built target geometry_msgs_generate_messages_eus
[  0%] Built target _rotors_comm_generate_messages_check_deps_WindSpeed
[  0%] Built target _rotors_comm_generate_messages_check_deps_Octomap
[  0%] Built target octomap_msgs_generate_messages_eus
[  0%] Built target geometry_msgs_generate_messages_lisp
[  0%] Built target octomap_msgs_generate_messages_lisp
[  0%] Built target geometry_msgs_generate_messages_nodejs
[  0%] Built target octomap_msgs_generate_messages_nodejs
[  2%] Built target calTrajInfo
[  2%] Built target drawTrajMap
[  3%] Built target calPathInfo
[  3%] Built target _mav_msgs_generate_messages_check_deps_GpsWaypoint
[  3%] Built target _mav_msgs_generate_messages_check_deps_Actuators
[  3%] Built target _mav_msgs_generate_messages_check_deps_RateThrust
[  3%] Built target _mav_msgs_generate_messages_check_deps_AttitudeThrust
[  3%] Built target _mav_msgs_generate_messages_check_deps_RollPitchYawrateThrust
[  3%] Built target _mav_msgs_generate_messages_check_deps_Status
[  3%] Built target _mav_msgs_generate_messages_check_deps_TorqueThrust
[  3%] Built target tf2_msgs_generate_messages_py
[  3%] Built target _mav_msgs_generate_messages_check_deps_FilteredSensorData
[  3%] Built target roscpp_generate_messages_cpp
[  3%] Built target roscpp_generate_messages_eus
[  3%] Built target roscpp_generate_messages_lisp
[  3%] Built target roscpp_generate_messages_nodejs
[  3%] Built target roscpp_generate_messages_py
[  3%] Built target rosgraph_msgs_generate_messages_cpp
[  3%] Built target rosgraph_msgs_generate_messages_eus
[  3%] Built target rosgraph_msgs_generate_messages_lisp
[  3%] Built target rosgraph_msgs_generate_messages_nodejs
[  3%] Built target rosgraph_msgs_generate_messages_py
[  3%] Built target nodelet_generate_messages_cpp
[  3%] Built target nodelet_generate_messages_eus
[  3%] Built target nodelet_generate_messages_lisp
[  3%] Built target nodelet_generate_messages_nodejs
[  3%] Built target nodelet_generate_messages_py
[  3%] Built target bond_generate_messages_cpp
[  3%] Built target bond_generate_messages_eus
[  3%] Built target bond_generate_messages_lisp
[  3%] Built target bond_generate_messages_nodejs
[  3%] Built target bond_generate_messages_py
[  3%] Built target tf_generate_messages_eus
[  3%] Built target tf_generate_messages_cpp
[  3%] Built target tf_generate_messages_lisp
[  3%] Built target tf_generate_messages_nodejs
[  3%] Built target tf_generate_messages_py
[  3%] Built target sensor_msgs_generate_messages_cpp
[  3%] Built target sensor_msgs_generate_messages_eus
[  3%] Built target sensor_msgs_generate_messages_lisp
[  3%] Built target sensor_msgs_generate_messages_nodejs
[  3%] Built target actionlib_generate_messages_cpp
[  3%] Built target sensor_msgs_generate_messages_py
[  3%] Built target actionlib_generate_messages_eus
[  3%] Built target actionlib_generate_messages_lisp
[  3%] Built target actionlib_generate_messages_nodejs
[  3%] Built target actionlib_generate_messages_py
[  3%] Built target actionlib_msgs_generate_messages_cpp
[  3%] Built target actionlib_msgs_generate_messages_eus
[  3%] Built target actionlib_msgs_generate_messages_lisp
[  3%] Built target actionlib_msgs_generate_messages_nodejs
[  3%] Built target actionlib_msgs_generate_messages_py
[  3%] Built target tf2_msgs_generate_messages_cpp
[  3%] Built target tf2_msgs_generate_messages_eus
[  3%] Built target tf2_msgs_generate_messages_lisp
[  3%] Built target tf2_msgs_generate_messages_nodejs
[  3%] Built target nav_msgs_generate_messages_py
[  3%] Built target trajectory_msgs_generate_messages_cpp
[  3%] Built target trajectory_msgs_generate_messages_eus
[  3%] Built target poly_traj
[  3%] Built target trajectory_msgs_generate_messages_lisp
[  3%] Built target trajectory_msgs_generate_messages_nodejs
[  3%] Built target trajectory_msgs_generate_messages_py
[  3%] Built target nav_msgs_generate_messages_cpp
[  3%] Built target nav_msgs_generate_messages_eus
[  3%] Built target nav_msgs_generate_messages_lisp
[  3%] Built target nav_msgs_generate_messages_nodejs
[  4%] Built target egvg_record
[  5%] Built target record_gazebo_data
[  6%] Built target localPlanner
[  7%] Built target pathFollower
[  7%] Built target save_map_point
[  8%] Built target pathExecution
[  8%] Built target topic_tools_generate_messages_py
[  8%] Built target egvg_vis
[  8%] Built target pcl_ros_gencfg
[  9%] Built target pointcloud_accumulator
[  9%] Built target dynamic_reconfigure_generate_messages_cpp
[  9%] Built target dynamic_reconfigure_generate_messages_eus
[  9%] Built target dynamic_reconfigure_generate_messages_lisp
[  9%] Built target dynamic_reconfigure_generate_messages_nodejs
[  9%] Built target dynamic_reconfigure_generate_messages_py
[  9%] Built target dynamic_reconfigure_gencfg
[  9%] Built target nodelet_topic_tools_gencfg
[  9%] Built target pcl_msgs_generate_messages_cpp
[  9%] Built target pcl_msgs_generate_messages_eus
[  9%] Built target pcl_msgs_generate_messages_nodejs
[  9%] Built target pcl_msgs_generate_messages_lisp
[  9%] Built target pcl_msgs_generate_messages_py
[  9%] Built target std_srvs_generate_messages_cpp
[  9%] Built target std_srvs_generate_messages_eus
[  9%] Built target std_srvs_generate_messages_lisp
[  9%] Built target std_srvs_generate_messages_nodejs
[  9%] Built target std_srvs_generate_messages_py
[  9%] Built target topic_tools_generate_messages_cpp
[  9%] Built target topic_tools_generate_messages_eus
[  9%] Built target topic_tools_generate_messages_lisp
[  9%] Built target topic_tools_generate_messages_nodejs
[  9%] Built target topo_prm_planner_generate_messages_py
[ 10%] Built target dynavoro
[ 10%] Built target topo_prm_planner_generate_messages_cpp
[ 11%] Built target terrainAnalysis
[ 11%] Built target topo_prm_planner_generate_messages_eus
[ 11%] Built target topo_prm_planner_generate_messages_lisp
[ 11%] Built target topo_prm_planner_generate_messages_nodejs
[ 11%] Built target diagnostic_msgs_generate_messages_py
[ 11%] Built target gazebo_msgs_generate_messages_cpp
[ 11%] Built target _plan_manage_generate_messages_check_deps_Bspline
[ 11%] Built target gazebo_ros_gencfg
[ 11%] Built target gazebo_msgs_generate_messages_eus
[ 11%] Built target gazebo_msgs_generate_messages_lisp
[ 11%] Built target gazebo_msgs_generate_messages_nodejs
[ 11%] Built target gazebo_msgs_generate_messages_py
[ 11%] Built target diagnostic_msgs_generate_messages_cpp
[ 11%] Built target diagnostic_msgs_generate_messages_eus
[ 11%] Built target diagnostic_msgs_generate_messages_lisp
[ 11%] Built target diagnostic_msgs_generate_messages_nodejs
[ 11%] Built target _catkin_empty_exported_target
[ 11%] Built target visualization_msgs_generate_messages_cpp
[ 11%] Built target visualization_msgs_generate_messages_eus
[ 11%] Built target visualization_msgs_generate_messages_lisp
[ 11%] Built target visualization_msgs_generate_messages_nodejs
[ 11%] Built target visualization_msgs_generate_messages_py
[ 30%] Built target mav_msgs
[ 31%] Built target car_msgs_generate_messages_py
[ 31%] Built target gazebo_plugins_gencfg
[ 32%] Built target car_msgs_generate_messages_cpp
[ 32%] Built target car_msgs_generate_messages_eus
[ 34%] Built target car_msgs_generate_messages_lisp
[ 34%] Built target car_msgs_generate_messages_nodejs
[ 35%] Built target common_srvs_generate_messages_py
[ 36%] Built target common_srvs_generate_messages_cpp
[ 38%] Built target common_srvs_generate_messages_eus
[ 39%] Built target common_srvs_generate_messages_lisp
[ 41%] Built target common_srvs_generate_messages_nodejs
[ 42%] Built target jackal_msgs_generate_messages_lisp
[ 44%] Built target jackal_msgs_generate_messages_py
[ 45%] Built target jackal_msgs_generate_messages_cpp
[ 47%] Built target jackal_msgs_generate_messages_eus
[ 50%] Built target rotors_comm_generate_messages_py
[ 50%] Built target jackal_msgs_generate_messages_nodejs
[ 51%] Built target rotors_comm_generate_messages_cpp
[ 53%] Built target rotors_comm_generate_messages_eus
[ 54%] Built target rotors_comm_generate_messages_lisp
[ 54%] Built target rotors_comm_generate_messages_nodejs
[ 57%] Built target mav_msgs_generate_messages_py
[ 59%] Built target mav_msgs_generate_messages_cpp
[ 62%] Built target mav_msgs_generate_messages_eus
[ 65%] Built target mav_msgs_generate_messages_lisp
[ 68%] Built target mav_msgs_generate_messages_nodejs
[ 68%] Built target car_simulator_nodelet
[ 69%] Built target sensor_odom_to_world_node
[ 70%] Built target slam_output
[ 71%] Built target mainLauMethod
[ 72%] Built target plan_manage_generate_messages_py
[ 73%] Built target voronoi_planner_node
[ 73%] Built target plan_manage_generate_messages_cpp
[ 73%] Built target obj_generator
[ 74%] Built target plan_manage_generate_messages_eus
[ 74%] Built target plan_manage_generate_messages_lisp
[ 76%] Built target plan_env
[ 76%] Built target plan_manage_generate_messages_nodejs
[ 76%] Built target topo_prm_planner_generate_messages
[ 76%] Built target car_msgs_generate_messages
[ 76%] Built target common_srvs_generate_messages
[ 76%] Built target jackal_msgs_generate_messages
[ 76%] Built target rotors_comm_generate_messages
[ 77%] Built target waypoint_generator
[ 77%] Built target mav_msgs_generate_messages
[ 77%] Built target realsense_gazebo_plugin
[ 78%] Built target lee_position_controller
[ 79%] Built target roll_pitch_yawrate_thrust_controller
[ 80%] Built target bspline
[ 81%] Built target raycast_test
[ 81%] Built target slam_sim_output_node
[ 81%] Built target plan_manage_generate_messages
[ 82%] Built target rotors_gazebo_bag_plugin
[ 82%] Built target rotors_gazebo_controller_interface
[ 84%] Built target path_searching
[ 84%] Built target gazebo_geotagged_images_plugin
[ 85%] Built target rotors_gazebo_fw_dynamics_plugin
[ 86%] Built target rotors_gazebo_gps_plugin
[ 86%] Built target rotors_gazebo_imu_plugin
[ 87%] Built target rotors_gazebo_noisydepth_plugin
[ 88%] Built target rotors_gazebo_lidar_plugin
[ 88%] Built target rotors_gazebo_magnetometer_plugin
[ 89%] Built target rotors_gazebo_motor_model
[ 90%] Built target rotors_gazebo_multirotor_base_plugin
[ 91%] Built target rotors_gazebo_odometry_plugin
[ 92%] Built target rotors_gazebo_pressure_plugin
[ 92%] Built target rotors_gazebo_odometry_no_tf_plugin
[ 92%] Built target rotors_gazebo_ros_interface_plugin
[ 92%] Built target lee_position_controller_node
[ 92%] Built target LiftDragPlugin
[ 93%] Built target rotors_gazebo_wind_plugin
[ 93%] Built target roll_pitch_yawrate_thrust_controller_node
[ 94%] Built target nlopt_test
[ 94%] Built target car_mpc_nodelet
[ 94%] Built target bspline_opt
[ 94%] Built target traj_utils
[ 95%] Built target traj_server
[ 96%] Built target publish_nav_goal
[ 97%] Built target topo_prm_planner
[100%] Built target fast_planner_node
Base path: /home/hyh/TGH_ws
Source space: /home/hyh/TGH_ws/src
Build space: /home/hyh/TGH_ws/build
Devel space: /home/hyh/TGH_ws/devel
Install space: /home/hyh/TGH_ws/install
####
#### Running command: "make cmake_check_build_system" in "/home/hyh/TGH_ws/build"
####
####
#### Running command: "make -j4 -l4" in "/home/hyh/TGH_ws/build"
####
