Performing C SOURCE FILE Test HAVE_THREAD_LOCAL_STORAGE failed with the following output:
Change Dir: /home/bhrqhb/ThirdLibrary/nlopt-2.7.1/CMakeFiles/CMakeTmp

Run Build Command(s):/usr/bin/make -f Makefile cmTC_7e8e9/fast && /usr/bin/make  -f CMakeFiles/cmTC_7e8e9.dir/build.make CMakeFiles/cmTC_7e8e9.dir/build
make[1]: 进入目录“/home/bhrqhb/ThirdLibrary/nlopt-2.7.1/CMakeFiles/CMakeTmp”
Building C object CMakeFiles/cmTC_7e8e9.dir/src.c.o
/usr/bin/cc -DHAVE_THREAD_LOCAL_STORAGE   -o CMakeFiles/cmTC_7e8e9.dir/src.c.o -c /home/bhrqhb/ThirdLibrary/nlopt-2.7.1/CMakeFiles/CMakeTmp/src.c
/home/bhrqhb/ThirdLibrary/nlopt-2.7.1/CMakeFiles/CMakeTmp/src.c:2:5: warning: return type defaults to ‘int’ [-Wimplicit-int]
    2 |     __declspec(thread) int tls;
      |     ^~~~~~~~~~
/home/bhrqhb/ThirdLibrary/nlopt-2.7.1/CMakeFiles/CMakeTmp/src.c: In function ‘__declspec’:
/home/bhrqhb/ThirdLibrary/nlopt-2.7.1/CMakeFiles/CMakeTmp/src.c:4:20: error: expected ‘=’, ‘,’, ‘;’, ‘asm’ or ‘__attribute__’ before ‘{’ token
    4 |     int main(void) {
      |                    ^
/home/bhrqhb/ThirdLibrary/nlopt-2.7.1/CMakeFiles/CMakeTmp/src.c:2:5: warning: type of ‘thread’ defaults to ‘int’ [-Wimplicit-int]
    2 |     __declspec(thread) int tls;
      |     ^~~~~~~~~~
/home/bhrqhb/ThirdLibrary/nlopt-2.7.1/CMakeFiles/CMakeTmp/src.c:2:28: error: declaration for parameter ‘tls’ but no such parameter
    2 |     __declspec(thread) int tls;
      |                            ^~~
/home/bhrqhb/ThirdLibrary/nlopt-2.7.1/CMakeFiles/CMakeTmp/src.c:6: error: expected ‘{’ at end of input
    6 |     }
      | 
make[1]: *** [CMakeFiles/cmTC_7e8e9.dir/build.make:78：CMakeFiles/cmTC_7e8e9.dir/src.c.o] 错误 1
make[1]: 离开目录“/home/bhrqhb/ThirdLibrary/nlopt-2.7.1/CMakeFiles/CMakeTmp”
make: *** [Makefile:127：cmTC_7e8e9/fast] 错误 2


Source file was:

    __declspec(thread) int tls;

    int main(void) {
        return 0;
    }
